Archive member included to satisfy reference by file (symbol)

C:/ST/STM32CubeCLT_1.15.1/GNU-tools-for-STM32/bin/../lib/gcc/arm-none-eabi/12.3.1/../../../../arm-none-eabi/lib/thumb/v7e-m+fp/hard\libc_nano.a(libc_a-exit.o)
                              C:/ST/STM32CubeCLT_1.15.1/GNU-tools-for-STM32/bin/../lib/gcc/arm-none-eabi/12.3.1/../../../../arm-none-eabi/lib/thumb/v7e-m+fp/hard/crt0.o (exit)
C:/ST/STM32CubeCLT_1.15.1/GNU-tools-for-STM32/bin/../lib/gcc/arm-none-eabi/12.3.1/../../../../arm-none-eabi/lib/thumb/v7e-m+fp/hard\libc_nano.a(libc_a-findfp.o)
                              C:/ST/STM32CubeCLT_1.15.1/GNU-tools-for-STM32/bin/../lib/gcc/arm-none-eabi/12.3.1/../../../../arm-none-eabi/lib/thumb/v7e-m+fp/hard\libc_nano.a(libc_a-exit.o) (__stdio_exit_handler)
C:/ST/STM32CubeCLT_1.15.1/GNU-tools-for-STM32/bin/../lib/gcc/arm-none-eabi/12.3.1/../../../../arm-none-eabi/lib/thumb/v7e-m+fp/hard\libc_nano.a(libc_a-fwalk.o)
                              C:/ST/STM32CubeCLT_1.15.1/GNU-tools-for-STM32/bin/../lib/gcc/arm-none-eabi/12.3.1/../../../../arm-none-eabi/lib/thumb/v7e-m+fp/hard\libc_nano.a(libc_a-findfp.o) (_fwalk_sglue)
C:/ST/STM32CubeCLT_1.15.1/GNU-tools-for-STM32/bin/../lib/gcc/arm-none-eabi/12.3.1/../../../../arm-none-eabi/lib/thumb/v7e-m+fp/hard\libc_nano.a(libc_a-stdio.o)
                              C:/ST/STM32CubeCLT_1.15.1/GNU-tools-for-STM32/bin/../lib/gcc/arm-none-eabi/12.3.1/../../../../arm-none-eabi/lib/thumb/v7e-m+fp/hard\libc_nano.a(libc_a-findfp.o) (__sread)
C:/ST/STM32CubeCLT_1.15.1/GNU-tools-for-STM32/bin/../lib/gcc/arm-none-eabi/12.3.1/../../../../arm-none-eabi/lib/thumb/v7e-m+fp/hard\libc_nano.a(libc_a-memset.o)
                              C:/ST/STM32CubeCLT_1.15.1/GNU-tools-for-STM32/bin/../lib/gcc/arm-none-eabi/12.3.1/../../../../arm-none-eabi/lib/thumb/v7e-m+fp/hard/crt0.o (memset)
C:/ST/STM32CubeCLT_1.15.1/GNU-tools-for-STM32/bin/../lib/gcc/arm-none-eabi/12.3.1/../../../../arm-none-eabi/lib/thumb/v7e-m+fp/hard\libc_nano.a(libc_a-closer.o)
                              C:/ST/STM32CubeCLT_1.15.1/GNU-tools-for-STM32/bin/../lib/gcc/arm-none-eabi/12.3.1/../../../../arm-none-eabi/lib/thumb/v7e-m+fp/hard\libc_nano.a(libc_a-stdio.o) (_close_r)
C:/ST/STM32CubeCLT_1.15.1/GNU-tools-for-STM32/bin/../lib/gcc/arm-none-eabi/12.3.1/../../../../arm-none-eabi/lib/thumb/v7e-m+fp/hard\libc_nano.a(libc_a-reent.o)
                              C:/ST/STM32CubeCLT_1.15.1/GNU-tools-for-STM32/bin/../lib/gcc/arm-none-eabi/12.3.1/../../../../arm-none-eabi/lib/thumb/v7e-m+fp/hard\libc_nano.a(libc_a-closer.o) (errno)
C:/ST/STM32CubeCLT_1.15.1/GNU-tools-for-STM32/bin/../lib/gcc/arm-none-eabi/12.3.1/../../../../arm-none-eabi/lib/thumb/v7e-m+fp/hard\libc_nano.a(libc_a-impure.o)
                              C:/ST/STM32CubeCLT_1.15.1/GNU-tools-for-STM32/bin/../lib/gcc/arm-none-eabi/12.3.1/../../../../arm-none-eabi/lib/thumb/v7e-m+fp/hard\libc_nano.a(libc_a-reent.o) (_impure_ptr)
C:/ST/STM32CubeCLT_1.15.1/GNU-tools-for-STM32/bin/../lib/gcc/arm-none-eabi/12.3.1/../../../../arm-none-eabi/lib/thumb/v7e-m+fp/hard\libc_nano.a(libc_a-lseekr.o)
                              C:/ST/STM32CubeCLT_1.15.1/GNU-tools-for-STM32/bin/../lib/gcc/arm-none-eabi/12.3.1/../../../../arm-none-eabi/lib/thumb/v7e-m+fp/hard\libc_nano.a(libc_a-stdio.o) (_lseek_r)
C:/ST/STM32CubeCLT_1.15.1/GNU-tools-for-STM32/bin/../lib/gcc/arm-none-eabi/12.3.1/../../../../arm-none-eabi/lib/thumb/v7e-m+fp/hard\libc_nano.a(libc_a-readr.o)
                              C:/ST/STM32CubeCLT_1.15.1/GNU-tools-for-STM32/bin/../lib/gcc/arm-none-eabi/12.3.1/../../../../arm-none-eabi/lib/thumb/v7e-m+fp/hard\libc_nano.a(libc_a-stdio.o) (_read_r)
C:/ST/STM32CubeCLT_1.15.1/GNU-tools-for-STM32/bin/../lib/gcc/arm-none-eabi/12.3.1/../../../../arm-none-eabi/lib/thumb/v7e-m+fp/hard\libc_nano.a(libc_a-writer.o)
                              C:/ST/STM32CubeCLT_1.15.1/GNU-tools-for-STM32/bin/../lib/gcc/arm-none-eabi/12.3.1/../../../../arm-none-eabi/lib/thumb/v7e-m+fp/hard\libc_nano.a(libc_a-stdio.o) (_write_r)
C:/ST/STM32CubeCLT_1.15.1/GNU-tools-for-STM32/bin/../lib/gcc/arm-none-eabi/12.3.1/../../../../arm-none-eabi/lib/thumb/v7e-m+fp/hard\libc_nano.a(libc_a-init.o)
                              C:/ST/STM32CubeCLT_1.15.1/GNU-tools-for-STM32/bin/../lib/gcc/arm-none-eabi/12.3.1/../../../../arm-none-eabi/lib/thumb/v7e-m+fp/hard/crt0.o (__libc_init_array)
C:/ST/STM32CubeCLT_1.15.1/GNU-tools-for-STM32/bin/../lib/gcc/arm-none-eabi/12.3.1/../../../../arm-none-eabi/lib/thumb/v7e-m+fp/hard\libc_nano.a(libc_a-lock.o)
                              C:/ST/STM32CubeCLT_1.15.1/GNU-tools-for-STM32/bin/../lib/gcc/arm-none-eabi/12.3.1/../../../../arm-none-eabi/lib/thumb/v7e-m+fp/hard\libc_nano.a(libc_a-findfp.o) (__retarget_lock_init_recursive)
C:/ST/STM32CubeCLT_1.15.1/GNU-tools-for-STM32/bin/../lib/gcc/arm-none-eabi/12.3.1/../../../../arm-none-eabi/lib/thumb/v7e-m+fp/hard\libc_nano.a(libc_a-freer.o)
[...]
Memory Configuration

Name             Origin             Length             Attributes
RAM              0x20000000         0x00030000         xrw
CCMRAM           0x10000000         0x00010000         xrw
FLASH            0x08000000         0x00200000         xr
*default*        0x00000000         0xffffffff

Linker script and memory map

LOAD C:/ST/STM32CubeCLT_1.15.1/GNU-tools-for-STM32/bin/../lib/gcc/arm-none-eabi/12.3.1/thumb/v7e-m+fp/hard/crti.o
LOAD C:/ST/STM32CubeCLT_1.15.1/GNU-tools-for-STM32/bin/../lib/gcc/arm-none-eabi/12.3.1/thumb/v7e-m+fp/hard/crtbegin.o
LOAD C:/ST/STM32CubeCLT_1.15.1/GNU-tools-for-STM32/bin/../lib/gcc/arm-none-eabi/12.3.1/../../../../arm-none-eabi/lib/thumb/v7e-m+fp/hard/crt0.o
START GROUP
LOAD C:/ST/STM32CubeCLT_1.15.1/GNU-tools-for-STM32/bin/../lib/gcc/arm-none-eabi/12.3.1/../../../../arm-none-eabi/lib/thumb/v7e-m+fp/hard\libc_nano.a
LOAD C:/ST/STM32CubeCLT_1.15.1/GNU-tools-for-STM32/bin/../lib/gcc/arm-none-eabi/12.3.1/../../../../arm-none-eabi/lib/thumb/v7e-m+fp/hard\libm.a
END GROUP
LOAD CMakeFiles/PCF8575NXP.dir/Core/Src/main.c.obj
LOAD CMakeFiles/PCF8575NXP.dir/Core/Src/gpio.c.obj
LOAD CMakeFiles/PCF8575NXP.dir/Core/Src/eth.c.obj
LOAD CMakeFiles/PCF8575NXP.dir/Core/Src/i2c.c.obj
LOAD CMakeFiles/PCF8575NXP.dir/Core/Src/usart.c.obj
LOAD CMakeFiles/PCF8575NXP.dir/Core/Src/usb_otg.c.obj
LOAD CMakeFiles/PCF8575NXP.dir/Core/Src/stm32f4xx_it.c.obj
LOAD CMakeFiles/PCF8575NXP.dir/Core/Src/stm32f4xx_hal_msp.c.obj
LOAD CMakeFiles/PCF8575NXP.dir/Core/Src/PCF8575.c.obj
LOAD CMakeFiles/PCF8575NXP.dir/Core/Src/PCF8574.c.obj
LOAD CMakeFiles/PCF8575NXP.dir/Drivers/STM32F4xx_HAL_Driver/Src/stm32f4xx_hal_rcc.c.obj
LOAD CMakeFiles/PCF8575NXP.dir/Drivers/STM32F4xx_HAL_Driver/Src/stm32f4xx_hal_rcc_ex.c.obj
LOAD CMakeFiles/PCF8575NXP.dir/Drivers/STM32F4xx_HAL_Driver/Src/stm32f4xx_hal_flash.c.obj
LOAD CMakeFiles/PCF8575NXP.dir/Drivers/STM32F4xx_HAL_Driver/Src/stm32f4xx_hal_flash_ex.c.obj
LOAD CMakeFiles/PCF8575NXP.dir/Drivers/STM32F4xx_HAL_Driver/Src/stm32f4xx_hal_flash_ramfunc.c.obj
LOAD CMakeFiles/PCF8575NXP.dir/Drivers/STM32F4xx_HAL_Driver/Src/stm32f4xx_hal_gpio.c.obj
LOAD CMakeFiles/PCF8575NXP.dir/Drivers/STM32F4xx_HAL_Driver/Src/stm32f4xx_hal_dma_ex.c.obj
LOAD CMakeFiles/PCF8575NXP.dir/Drivers/STM32F4xx_HAL_Driver/Src/stm32f4xx_hal_dma.c.obj
LOAD CMakeFiles/PCF8575NXP.dir/Drivers/STM32F4xx_HAL_Driver/Src/stm32f4xx_hal_pwr.c.obj
LOAD CMakeFiles/PCF8575NXP.dir/Drivers/STM32F4xx_HAL_Driver/Src/stm32f4xx_hal_pwr_ex.c.obj
LOAD CMakeFiles/PCF8575NXP.dir/Drivers/STM32F4xx_HAL_Driver/Src/stm32f4xx_hal_cortex.c.obj
LOAD CMakeFiles/PCF8575NXP.dir/Drivers/STM32F4xx_HAL_Driver/Src/stm32f4xx_hal.c.obj
LOAD CMakeFiles/PCF8575NXP.dir/Drivers/STM32F4xx_HAL_Driver/Src/stm32f4xx_hal_exti.c.obj
LOAD CMakeFiles/PCF8575NXP.dir/Drivers/STM32F4xx_HAL_Driver/Src/stm32f4xx_hal_eth.c.obj
LOAD CMakeFiles/PCF8575NXP.dir/Drivers/STM32F4xx_HAL_Driver/Src/stm32f4xx_hal_i2c.c.obj
LOAD CMakeFiles/PCF8575NXP.dir/Drivers/STM32F4xx_HAL_Driver/Src/stm32f4xx_hal_i2c_ex.c.obj
LOAD CMakeFiles/PCF8575NXP.dir/Drivers/STM32F4xx_HAL_Driver/Src/stm32f4xx_hal_tim.c.obj
LOAD CMakeFiles/PCF8575NXP.dir/Drivers/STM32F4xx_HAL_Driver/Src/stm32f4xx_hal_tim_ex.c.obj
LOAD CMakeFiles/PCF8575NXP.dir/Drivers/STM32F4xx_HAL_Driver/Src/stm32f4xx_hal_uart.c.obj
LOAD CMakeFiles/PCF8575NXP.dir/Drivers/STM32F4xx_HAL_Driver/Src/stm32f4xx_hal_pcd.c.obj
LOAD CMakeFiles/PCF8575NXP.dir/Drivers/STM32F4xx_HAL_Driver/Src/stm32f4xx_hal_pcd_ex.c.obj
LOAD CMakeFiles/PCF8575NXP.dir/Drivers/STM32F4xx_HAL_Driver/Src/stm32f4xx_ll_usb.c.obj
LOAD CMakeFiles/PCF8575NXP.dir/Core/Src/system_stm32f4xx.c.obj
LOAD CMakeFiles/PCF8575NXP.dir/Core/Src/sysmem.c.obj
LOAD CMakeFiles/PCF8575NXP.dir/Core/Src/syscalls.c.obj
LOAD CMakeFiles/PCF8575NXP.dir/startup_stm32f429xx.s.obj
START GROUP
LOAD C:/ST/STM32CubeCLT_1.15.1/GNU-tools-for-STM32/bin/../lib/gcc/arm-none-eabi/12.3.1/thumb/v7e-m+fp/hard\libgcc.a
LOAD C:/ST/STM32CubeCLT_1.15.1/GNU-tools-for-STM32/bin/../lib/gcc/arm-none-eabi/12.3.1/../../../../arm-none-eabi/lib/thumb/v7e-m+fp/hard\libg_nano.a
LOAD C:/ST/STM32CubeCLT_1.15.1/GNU-tools-for-STM32/bin/../lib/gcc/arm-none-eabi/12.3.1/../../../../arm-none-eabi/lib/thumb/v7e-m+fp/hard\libc_nano.a
END GROUP
START GROUP
LOAD C:/ST/STM32CubeCLT_1.15.1/GNU-tools-for-STM32/bin/../lib/gcc/arm-none-eabi/12.3.1/thumb/v7e-m+fp/hard\libgcc.a
LOAD C:/ST/STM32CubeCLT_1.15.1/GNU-tools-for-STM32/bin/../lib/gcc/arm-none-eabi/12.3.1/../../../../arm-none-eabi/lib/thumb/v7e-m+fp/hard\libc_nano.a
END GROUP
LOAD C:/ST/STM32CubeCLT_1.15.1/GNU-tools-for-STM32/bin/../lib/gcc/arm-none-eabi/12.3.1/thumb/v7e-m+fp/hard/crtend.o
LOAD C:/ST/STM32CubeCLT_1.15.1/GNU-tools-for-STM32/bin/../lib/gcc/arm-none-eabi/12.3.1/thumb/v7e-m+fp/hard/crtn.o
                0x20030000                        _estack = (ORIGIN (RAM) + LENGTH (RAM))
                0x00000200                        _Min_Heap_Size = 0x200
                0x00000400                        _Min_Stack_Size = 0x400

.isr_vector     0x08000000      0x1ac
                0x08000000                        . = ALIGN (0x4)
 *(.isr_vector)
 .isr_vector    0x08000000      0x1ac CMakeFiles/PCF8575NXP.dir/startup_stm32f429xx.s.obj
                0x08000000                g_pfnVectors
                0x080001ac                        . = ALIGN (0x4)

.text           0x080001ac     0x423c
                0x080001ac                        . = ALIGN (0x4)
 *(.text)
 .text          0x080001ac       0x40 C:/ST/STM32CubeCLT_1.15.1/GNU-tools-for-STM32/bin/../lib/gcc/arm-none-eabi/12.3.1/thumb/v7e-m+fp/hard/crtbegin.o
 .text          0x080001ec       0x30 C:/ST/STM32CubeCLT_1.15.1/GNU-tools-for-STM32/bin/../lib/gcc/arm-none-eabi/12.3.1/thumb/v7e-m+fp/hard\libgcc.a(_aeabi_uldivmod.o)
                0x080001ec                __aeabi_uldivmod
 .text          0x0800021c      0x2bc C:/ST/STM32CubeCLT_1.15.1/GNU-tools-for-STM32/bin/../lib/gcc/arm-none-eabi/12.3.1/thumb/v7e-m+fp/hard\libgcc.a(_udivmoddi4.o)
                0x0800021c                __udivmoddi4
 .text          0x080004d8        0x4 C:/ST/STM32CubeCLT_1.15.1/GNU-tools-for-STM32/bin/../lib/gcc/arm-none-eabi/12.3.1/thumb/v7e-m+fp/hard\libgcc.a(_dvmd_tls.o)
                0x080004d8                __aeabi_idiv0
                0x080004d8                __aeabi_ldiv0
 *(.text*)
 .text.memset   0x080004dc       0x10 C:/ST/STM32CubeCLT_1.15.1/GNU-tools-for-STM32/bin/../lib/gcc/arm-none-eabi/12.3.1/../../../../arm-none-eabi/lib/thumb/v7e-m+fp/hard\libc_nano.a(libc_a-memset.o)
                0x080004dc                memset
 .text.__libc_init_array
                0x080004ec       0x48 C:/ST/STM32CubeCLT_1.15.1/GNU-tools-for-STM32/bin/../lib/gcc/arm-none-eabi/12.3.1/../../../../arm-none-eabi/lib/thumb/v7e-m+fp/hard\libc_nano.a(libc_a-init.o)
                0x080004ec                __libc_init_array
 .text.main     0x08000534       0x7c CMakeFiles/PCF8575NXP.dir/Core/Src/main.c.obj
                0x08000534                main
 .text.SystemClock_Config
                0x080005b0       0xd4 CMakeFiles/PCF8575NXP.dir/Core/Src/main.c.obj
                0x080005b0                SystemClock_Config
 .text.Error_Handler
                0x08000684        0xc CMakeFiles/PCF8575NXP.dir/Core/Src/main.c.obj
                0x08000684                Error_Handler
 .text.MX_GPIO_Init
                0x08000690      0x15c CMakeFiles/PCF8575NXP.dir/Core/Src/gpio.c.obj
                0x08000690                MX_GPIO_Init
 .text.MX_ETH_Init
                0x080007ec       0x9c CMakeFiles/PCF8575NXP.dir/Core/Src/eth.c.obj
                0x080007ec                MX_ETH_Init
 .text.HAL_ETH_MspInit
                0x08000888      0x18c CMakeFiles/PCF8575NXP.dir/Core/Src/eth.c.obj
                0x08000888                HAL_ETH_MspInit
 .text.MX_I2C1_Init
                0x08000a14       0x80 CMakeFiles/PCF8575NXP.dir/Core/Src/i2c.c.obj
                0x08000a14                MX_I2C1_Init
 .text.HAL_I2C_MspInit
                0x08000a94       0x90 CMakeFiles/PCF8575NXP.dir/Core/Src/i2c.c.obj
                0x08000a94                HAL_I2C_MspInit
 .text.MX_USART3_UART_Init
                0x08000b24       0x54 CMakeFiles/PCF8575NXP.dir/Core/Src/usart.c.obj
                0x08000b24                MX_USART3_UART_Init
 .text.HAL_UART_MspInit
                0x08000b78       0x90 CMakeFiles/PCF8575NXP.dir/Core/Src/usart.c.obj
                0x08000b78                HAL_UART_MspInit
 .text.MX_USB_OTG_FS_PCD_Init
                0x08000c08       0x5c CMakeFiles/PCF8575NXP.dir/Core/Src/usb_otg.c.obj
                0x08000c08                MX_USB_OTG_FS_PCD_Init
 .text.HAL_PCD_MspInit
                0x08000c64       0xb4 CMakeFiles/PCF8575NXP.dir/Core/Src/usb_otg.c.obj
                0x08000c64                HAL_PCD_MspInit
 .text.NMI_Handler
                0x08000d18        0x8 CMakeFiles/PCF8575NXP.dir/Core/Src/stm32f4xx_it.c.obj
                0x08000d18                NMI_Handler
 .text.HardFault_Handler
                0x08000d20        0x8 CMakeFiles/PCF8575NXP.dir/Core/Src/stm32f4xx_it.c.obj
                0x08000d20                HardFault_Handler
 .text.MemManage_Handler
                0x08000d28        0x8 CMakeFiles/PCF8575NXP.dir/Core/Src/stm32f4xx_it.c.obj
                0x08000d28                MemManage_Handler
 .text.BusFault_Handler
                0x08000d30        0x8 CMakeFiles/PCF8575NXP.dir/Core/Src/stm32f4xx_it.c.obj
                0x08000d30                BusFault_Handler
 .text.UsageFault_Handler
                0x08000d38        0x8 CMakeFiles/PCF8575NXP.dir/Core/Src/stm32f4xx_it.c.obj
                0x08000d38                UsageFault_Handler
 .text.SVC_Handler
                0x08000d40        0xe CMakeFiles/PCF8575NXP.dir/Core/Src/stm32f4xx_it.c.obj
                0x08000d40                SVC_Handler
 .text.DebugMon_Handler
                0x08000d4e        0xe CMakeFiles/PCF8575NXP.dir/Core/Src/stm32f4xx_it.c.obj
                0x08000d4e                DebugMon_Handler
 .text.PendSV_Handler
                0x08000d5c        0xe CMakeFiles/PCF8575NXP.dir/Core/Src/stm32f4xx_it.c.obj
                0x08000d5c                PendSV_Handler
 .text.SysTick_Handler
                0x08000d6a        0xc CMakeFiles/PCF8575NXP.dir/Core/Src/stm32f4xx_it.c.obj
                0x08000d6a                SysTick_Handler
 *fill*         0x08000d76        0x2 
 .text.HAL_MspInit
                0x08000d78       0x50 CMakeFiles/PCF8575NXP.dir/Core/Src/stm32f4xx_hal_msp.c.obj
                0x08000d78                HAL_MspInit
 .text.PCF8574_Init
                0x08000dc8       0x84 CMakeFiles/PCF8575NXP.dir/Core/Src/PCF8574.c.obj
                0x08000dc8                PCF8574_Init
 .text.PCF8574_write
                0x08000e4c       0x38 CMakeFiles/PCF8575NXP.dir/Core/Src/PCF8574.c.obj
                0x08000e4c                PCF8574_write
 .text.PCF8574_read
                0x08000e84       0x40 CMakeFiles/PCF8575NXP.dir/Core/Src/PCF8574.c.obj
                0x08000e84                PCF8574_read
 .text.HAL_RCC_OscConfig
                0x08000ec4      0x4f0 CMakeFiles/PCF8575NXP.dir/Drivers/STM32F4xx_HAL_Driver/Src/stm32f4xx_hal_rcc.c.obj
                0x08000ec4                HAL_RCC_OscConfig
 .text.HAL_RCC_ClockConfig
                0x080013b4      0x1cc CMakeFiles/PCF8575NXP.dir/Drivers/STM32F4xx_HAL_Driver/Src/stm32f4xx_hal_rcc.c.obj
                0x080013b4                HAL_RCC_ClockConfig
 .text.HAL_RCC_GetSysClockFreq
                0x08001580      0x20c CMakeFiles/PCF8575NXP.dir/Drivers/STM32F4xx_HAL_Driver/Src/stm32f4xx_hal_rcc.c.obj
                0x08001580                HAL_RCC_GetSysClockFreq
 .text.HAL_RCC_GetHCLKFreq
                0x0800178c       0x18 CMakeFiles/PCF8575NXP.dir/Drivers/STM32F4xx_HAL_Driver/Src/stm32f4xx_hal_rcc.c.obj
                0x0800178c                HAL_RCC_GetHCLKFreq
 .text.HAL_RCC_GetPCLK1Freq
                0x080017a4       0x28 CMakeFiles/PCF8575NXP.dir/Drivers/STM32F4xx_HAL_Driver/Src/stm32f4xx_hal_rcc.c.obj
                0x080017a4                HAL_RCC_GetPCLK1Freq
 .text.HAL_RCC_GetPCLK2Freq
                0x080017cc       0x28 CMakeFiles/PCF8575NXP.dir/Drivers/STM32F4xx_HAL_Driver/Src/stm32f4xx_hal_rcc.c.obj
                0x080017cc                HAL_RCC_GetPCLK2Freq
 .text.HAL_GPIO_Init
                0x080017f4      0x358 CMakeFiles/PCF8575NXP.dir/Drivers/STM32F4xx_HAL_Driver/Src/stm32f4xx_hal_gpio.c.obj
                0x080017f4                HAL_GPIO_Init
 .text.HAL_GPIO_WritePin
                0x08001b4c       0x32 CMakeFiles/PCF8575NXP.dir/Drivers/STM32F4xx_HAL_Driver/Src/stm32f4xx_hal_gpio.c.obj
                0x08001b4c                HAL_GPIO_WritePin
 *fill*         0x08001b7e        0x2 
 .text.__NVIC_SetPriorityGrouping
                0x08001b80       0x48 CMakeFiles/PCF8575NXP.dir/Drivers/STM32F4xx_HAL_Driver/Src/stm32f4xx_hal_cortex.c.obj
 .text.__NVIC_GetPriorityGrouping
                0x08001bc8       0x1c CMakeFiles/PCF8575NXP.dir/Drivers/STM32F4xx_HAL_Driver/Src/stm32f4xx_hal_cortex.c.obj
 .text.__NVIC_SetPriority
                0x08001be4       0x54 CMakeFiles/PCF8575NXP.dir/Drivers/STM32F4xx_HAL_Driver/Src/stm32f4xx_hal_cortex.c.obj
 .text.NVIC_EncodePriority
                0x08001c38       0x66 CMakeFiles/PCF8575NXP.dir/Drivers/STM32F4xx_HAL_Driver/Src/stm32f4xx_hal_cortex.c.obj
 *fill*         0x08001c9e        0x2 
 .text.SysTick_Config
                0x08001ca0       0x44 CMakeFiles/PCF8575NXP.dir/Drivers/STM32F4xx_HAL_Driver/Src/stm32f4xx_hal_cortex.c.obj
 .text.HAL_NVIC_SetPriorityGrouping
                0x08001ce4       0x16 CMakeFiles/PCF8575NXP.dir/Drivers/STM32F4xx_HAL_Driver/Src/stm32f4xx_hal_cortex.c.obj
                0x08001ce4                HAL_NVIC_SetPriorityGrouping
 .text.HAL_NVIC_SetPriority
                0x08001cfa       0x38 CMakeFiles/PCF8575NXP.dir/Drivers/STM32F4xx_HAL_Driver/Src/stm32f4xx_hal_cortex.c.obj
                0x08001cfa                HAL_NVIC_SetPriority
 .text.HAL_SYSTICK_Config
                0x08001d32       0x18 CMakeFiles/PCF8575NXP.dir/Drivers/STM32F4xx_HAL_Driver/Src/stm32f4xx_hal_cortex.c.obj
                0x08001d32                HAL_SYSTICK_Config
 *fill*         0x08001d4a        0x2 
 .text.HAL_Init
                0x08001d4c       0x44 CMakeFiles/PCF8575NXP.dir/Drivers/STM32F4xx_HAL_Driver/Src/stm32f4xx_hal.c.obj
                0x08001d4c                HAL_Init
 .text.HAL_InitTick
                0x08001d90       0x60 CMakeFiles/PCF8575NXP.dir/Drivers/STM32F4xx_HAL_Driver/Src/stm32f4xx_hal.c.obj
                0x08001d90                HAL_InitTick
 .text.HAL_IncTick
                0x08001df0       0x28 CMakeFiles/PCF8575NXP.dir/Drivers/STM32F4xx_HAL_Driver/Src/stm32f4xx_hal.c.obj
                0x08001df0                HAL_IncTick
 .text.HAL_GetTick
                0x08001e18       0x18 CMakeFiles/PCF8575NXP.dir/Drivers/STM32F4xx_HAL_Driver/Src/stm32f4xx_hal.c.obj
                0x08001e18                HAL_GetTick
 .text.HAL_Delay
                0x08001e30       0x48 CMakeFiles/PCF8575NXP.dir/Drivers/STM32F4xx_HAL_Driver/Src/stm32f4xx_hal.c.obj
                0x08001e30                HAL_Delay
 .text.HAL_ETH_Init
                0x08001e78       0xfc CMakeFiles/PCF8575NXP.dir/Drivers/STM32F4xx_HAL_Driver/Src/stm32f4xx_hal_eth.c.obj
                0x08001e78                HAL_ETH_Init
 .text.ETH_SetMACConfig
                0x08001f74      0x160 CMakeFiles/PCF8575NXP.dir/Drivers/STM32F4xx_HAL_Driver/Src/stm32f4xx_hal_eth.c.obj
 .text.ETH_SetDMAConfig
                0x080020d4      0x114 CMakeFiles/PCF8575NXP.dir/Drivers/STM32F4xx_HAL_Driver/Src/stm32f4xx_hal_eth.c.obj
 .text.ETH_MACDMAConfig
                0x080021e8       0xe4 CMakeFiles/PCF8575NXP.dir/Drivers/STM32F4xx_HAL_Driver/Src/stm32f4xx_hal_eth.c.obj
 .text.ETH_MACAddressConfig
                0x080022cc       0x70 CMakeFiles/PCF8575NXP.dir/Drivers/STM32F4xx_HAL_Driver/Src/stm32f4xx_hal_eth.c.obj
 .text.ETH_DMATxDescListInit
                0x0800233c       0xb2 CMakeFiles/PCF8575NXP.dir/Drivers/STM32F4xx_HAL_Driver/Src/stm32f4xx_hal_eth.c.obj
 .text.ETH_DMARxDescListInit
                0x080023ee       0xda CMakeFiles/PCF8575NXP.dir/Drivers/STM32F4xx_HAL_Driver/Src/stm32f4xx_hal_eth.c.obj
 .text.HAL_I2C_Init
                0x080024c8      0x288 CMakeFiles/PCF8575NXP.dir/Drivers/STM32F4xx_HAL_Driver/Src/stm32f4xx_hal_i2c.c.obj
                0x080024c8                HAL_I2C_Init
 .text.HAL_I2C_Master_Transmit
                0x08002750      0x1fc CMakeFiles/PCF8575NXP.dir/Drivers/STM32F4xx_HAL_Driver/Src/stm32f4xx_hal_i2c.c.obj
                0x08002750                HAL_I2C_Master_Transmit
 .text.HAL_I2C_Master_Receive
                0x0800294c      0x464 CMakeFiles/PCF8575NXP.dir/Drivers/STM32F4xx_HAL_Driver/Src/stm32f4xx_hal_i2c.c.obj
                0x0800294c                HAL_I2C_Master_Receive
 .text.I2C_MasterRequestWrite
                0x08002db0      0x104 CMakeFiles/PCF8575NXP.dir/Drivers/STM32F4xx_HAL_Driver/Src/stm32f4xx_hal_i2c.c.obj
 .text.I2C_MasterRequestRead
                0x08002eb4      0x19c CMakeFiles/PCF8575NXP.dir/Drivers/STM32F4xx_HAL_Driver/Src/stm32f4xx_hal_i2c.c.obj
 .text.I2C_WaitOnFlagUntilTimeout
                0x08003050       0xf4 CMakeFiles/PCF8575NXP.dir/Drivers/STM32F4xx_HAL_Driver/Src/stm32f4xx_hal_i2c.c.obj
 .text.I2C_WaitOnMasterAddressFlagUntilTimeout
                0x08003144      0x140 CMakeFiles/PCF8575NXP.dir/Drivers/STM32F4xx_HAL_Driver/Src/stm32f4xx_hal_i2c.c.obj
 .text.I2C_WaitOnTXEFlagUntilTimeout
                0x08003284       0x90 CMakeFiles/PCF8575NXP.dir/Drivers/STM32F4xx_HAL_Driver/Src/stm32f4xx_hal_i2c.c.obj
 .text.I2C_WaitOnBTFFlagUntilTimeout
                0x08003314       0x90 CMakeFiles/PCF8575NXP.dir/Drivers/STM32F4xx_HAL_Driver/Src/stm32f4xx_hal_i2c.c.obj
 .text.I2C_WaitOnRXNEFlagUntilTimeout
                0x080033a4       0xba CMakeFiles/PCF8575NXP.dir/Drivers/STM32F4xx_HAL_Driver/Src/stm32f4xx_hal_i2c.c.obj
 .text.I2C_IsAcknowledgeFailed
                0x0800345e       0x5e CMakeFiles/PCF8575NXP.dir/Drivers/STM32F4xx_HAL_Driver/Src/stm32f4xx_hal_i2c.c.obj
 .text.HAL_I2CEx_ConfigAnalogFilter
                0x080034bc       0x78 CMakeFiles/PCF8575NXP.dir/Drivers/STM32F4xx_HAL_Driver/Src/stm32f4xx_hal_i2c_ex.c.obj
                0x080034bc                HAL_I2CEx_ConfigAnalogFilter
 .text.HAL_I2CEx_ConfigDigitalFilter
                0x08003534       0x7e CMakeFiles/PCF8575NXP.dir/Drivers/STM32F4xx_HAL_Driver/Src/stm32f4xx_hal_i2c_ex.c.obj
                0x08003534                HAL_I2CEx_ConfigDigitalFilter
 .text.HAL_UART_Init
                0x080035b2       0xa0 CMakeFiles/PCF8575NXP.dir/Drivers/STM32F4xx_HAL_Driver/Src/stm32f4xx_hal_uart.c.obj
                0x080035b2                HAL_UART_Init
 *fill*         0x08003652        0x2 
 .text.UART_SetConfig
                0x08003654      0x4e8 CMakeFiles/PCF8575NXP.dir/Drivers/STM32F4xx_HAL_Driver/Src/stm32f4xx_hal_uart.c.obj
 .text.HAL_PCD_Init
                0x08003b3c      0x21e CMakeFiles/PCF8575NXP.dir/Drivers/STM32F4xx_HAL_Driver/Src/stm32f4xx_hal_pcd.c.obj
                0x08003b3c                HAL_PCD_Init
 .text.USB_CoreInit
                0x08003d5a       0xc8 CMakeFiles/PCF8575NXP.dir/Drivers/STM32F4xx_HAL_Driver/Src/stm32f4xx_ll_usb.c.obj
                0x08003d5a                USB_CoreInit
 .text.USB_DisableGlobalInt
                0x08003e22       0x22 CMakeFiles/PCF8575NXP.dir/Drivers/STM32F4xx_HAL_Driver/Src/stm32f4xx_ll_usb.c.obj
                0x08003e22                USB_DisableGlobalInt
 .text.USB_SetCurrentMode
                0x08003e44       0x98 CMakeFiles/PCF8575NXP.dir/Drivers/STM32F4xx_HAL_Driver/Src/stm32f4xx_ll_usb.c.obj
                0x08003e44                USB_SetCurrentMode
 .text.USB_DevInit
                0x08003edc      0x2c8 CMakeFiles/PCF8575NXP.dir/Drivers/STM32F4xx_HAL_Driver/Src/stm32f4xx_ll_usb.c.obj
                0x08003edc                USB_DevInit
 .text.USB_FlushTxFifo
                0x080041a4       0x64 CMakeFiles/PCF8575NXP.dir/Drivers/STM32F4xx_HAL_Driver/Src/stm32f4xx_ll_usb.c.obj
                0x080041a4                USB_FlushTxFifo
 .text.USB_FlushRxFifo
                0x08004208       0x5c CMakeFiles/PCF8575NXP.dir/Drivers/STM32F4xx_HAL_Driver/Src/stm32f4xx_ll_usb.c.obj
                0x08004208                USB_FlushRxFifo
 .text.USB_SetDevSpeed
                0x08004264       0x32 CMakeFiles/PCF8575NXP.dir/Drivers/STM32F4xx_HAL_Driver/Src/stm32f4xx_ll_usb.c.obj
                0x08004264                USB_SetDevSpeed
 .text.USB_DevDisconnect
                0x08004296       0x42 CMakeFiles/PCF8575NXP.dir/Drivers/STM32F4xx_HAL_Driver/Src/stm32f4xx_ll_usb.c.obj
                0x08004296                USB_DevDisconnect
 .text.USB_GetMode
                0x080042d8       0x1c CMakeFiles/PCF8575NXP.dir/Drivers/STM32F4xx_HAL_Driver/Src/stm32f4xx_ll_usb.c.obj
                0x080042d8                USB_GetMode
 .text.USB_CoreReset
                0x080042f4       0x62 CMakeFiles/PCF8575NXP.dir/Drivers/STM32F4xx_HAL_Driver/Src/stm32f4xx_ll_usb.c.obj
 *fill*         0x08004356        0x2 
 .text.SystemInit
                0x08004358       0x24 CMakeFiles/PCF8575NXP.dir/Core/Src/system_stm32f4xx.c.obj
                0x08004358                SystemInit
 .text.Reset_Handler
                0x0800437c       0x50 CMakeFiles/PCF8575NXP.dir/startup_stm32f429xx.s.obj
                0x0800437c                Reset_Handler
 .text.Default_Handler
                0x080043cc        0x2 CMakeFiles/PCF8575NXP.dir/startup_stm32f429xx.s.obj
                0x080043cc                RTC_Alarm_IRQHandler
                0x080043cc                HASH_RNG_IRQHandler
                0x080043cc                EXTI2_IRQHandler
                0x080043cc                TIM8_CC_IRQHandler
                0x080043cc                UART8_IRQHandler
                0x080043cc                SPI4_IRQHandler
                0x080043cc                TIM1_CC_IRQHandler
                0x080043cc                DMA2_Stream5_IRQHandler
                0x080043cc                DMA1_Stream5_IRQHandler
                0x080043cc                PVD_IRQHandler
                0x080043cc                SDIO_IRQHandler
                0x080043cc                TAMP_STAMP_IRQHandler
                0x080043cc                CAN2_RX1_IRQHandler
                0x080043cc                EXTI3_IRQHandler
                0x080043cc                TIM8_TRG_COM_TIM14_IRQHandler
                0x080043cc                TIM1_UP_TIM10_IRQHandler
                0x080043cc                TIM8_UP_TIM13_IRQHandler
                0x080043cc                I2C3_ER_IRQHandler
                0x080043cc                EXTI0_IRQHandler
                0x080043cc                I2C2_EV_IRQHandler
                0x080043cc                DMA1_Stream2_IRQHandler
                0x080043cc                CAN1_RX0_IRQHandler
                0x080043cc                FPU_IRQHandler
                0x080043cc                OTG_HS_WKUP_IRQHandler
                0x080043cc                LTDC_ER_IRQHandler
                0x080043cc                CAN2_SCE_IRQHandler
                0x080043cc                DMA2_Stream2_IRQHandler
                0x080043cc                SPI1_IRQHandler
                0x080043cc                TIM6_DAC_IRQHandler
                0x080043cc                TIM1_BRK_TIM9_IRQHandler
                0x080043cc                DCMI_IRQHandler
                0x080043cc                CAN2_RX0_IRQHandler
                0x080043cc                DMA2_Stream3_IRQHandler
                0x080043cc                USART6_IRQHandler
                0x080043cc                USART3_IRQHandler
                0x080043cc                CAN1_RX1_IRQHandler
                0x080043cc                UART5_IRQHandler
                0x080043cc                DMA2_Stream0_IRQHandler
                0x080043cc                TIM4_IRQHandler
                0x080043cc                I2C1_EV_IRQHandler
                0x080043cc                DMA1_Stream6_IRQHandler
                0x080043cc                DMA1_Stream1_IRQHandler
                0x080043cc                UART4_IRQHandler
                0x080043cc                TIM3_IRQHandler
                0x080043cc                RCC_IRQHandler
                0x080043cc                TIM8_BRK_TIM12_IRQHandler
                0x080043cc                Default_Handler
                0x080043cc                EXTI15_10_IRQHandler
                0x080043cc                ADC_IRQHandler
                0x080043cc                DMA1_Stream7_IRQHandler
                0x080043cc                SPI5_IRQHandler
                0x080043cc                TIM7_IRQHandler
                0x080043cc                CAN2_TX_IRQHandler
                0x080043cc                TIM5_IRQHandler
                0x080043cc                DMA2_Stream7_IRQHandler
                0x080043cc                I2C3_EV_IRQHandler
                0x080043cc                EXTI9_5_IRQHandler
                0x080043cc                RTC_WKUP_IRQHandler
                0x080043cc                LTDC_IRQHandler
                0x080043cc                ETH_WKUP_IRQHandler
                0x080043cc                SPI2_IRQHandler
                0x080043cc                OTG_HS_EP1_IN_IRQHandler
                0x080043cc                DMA1_Stream0_IRQHandler
                0x080043cc                CAN1_TX_IRQHandler
                0x080043cc                EXTI4_IRQHandler
                0x080043cc                ETH_IRQHandler
                0x080043cc                OTG_HS_EP1_OUT_IRQHandler
                0x080043cc                WWDG_IRQHandler
                0x080043cc                SPI6_IRQHandler
                0x080043cc                TIM2_IRQHandler
                0x080043cc                OTG_FS_WKUP_IRQHandler
                0x080043cc                TIM1_TRG_COM_TIM11_IRQHandler
                0x080043cc                OTG_HS_IRQHandler
                0x080043cc                DMA2D_IRQHandler
                0x080043cc                EXTI1_IRQHandler
                0x080043cc                UART7_IRQHandler
                0x080043cc                USART2_IRQHandler
                0x080043cc                I2C2_ER_IRQHandler
                0x080043cc                DMA2_Stream1_IRQHandler
                0x080043cc                CAN1_SCE_IRQHandler
                0x080043cc                FLASH_IRQHandler
                0x080043cc                DMA2_Stream4_IRQHandler
                0x080043cc                USART1_IRQHandler
                0x080043cc                OTG_FS_IRQHandler
                0x080043cc                SPI3_IRQHandler
                0x080043cc                DMA1_Stream4_IRQHandler
                0x080043cc                I2C1_ER_IRQHandler
                0x080043cc                FMC_IRQHandler
                0x080043cc                DMA2_Stream6_IRQHandler
                0x080043cc                SAI1_IRQHandler
                0x080043cc                DMA1_Stream3_IRQHandler
 *(.glue_7)
 .glue_7        0x080043ce        0x0 linker stubs
 *(.glue_7t)
 .glue_7t       0x080043ce        0x0 linker stubs
 *(.eh_frame)
 *fill*         0x080043ce        0x2 
 .eh_frame      0x080043d0        0x0 C:/ST/STM32CubeCLT_1.15.1/GNU-tools-for-STM32/bin/../lib/gcc/arm-none-eabi/12.3.1/thumb/v7e-m+fp/hard/crtbegin.o
 *(.init)
 .init          0x080043d0        0x4 C:/ST/STM32CubeCLT_1.15.1/GNU-tools-for-STM32/bin/../lib/gcc/arm-none-eabi/12.3.1/thumb/v7e-m+fp/hard/crti.o
                0x080043d0                _init
 .init          0x080043d4        0x8 C:/ST/STM32CubeCLT_1.15.1/GNU-tools-for-STM32/bin/../lib/gcc/arm-none-eabi/12.3.1/thumb/v7e-m+fp/hard/crtn.o
 *(.fini)
 .fini          0x080043dc        0x4 C:/ST/STM32CubeCLT_1.15.1/GNU-tools-for-STM32/bin/../lib/gcc/arm-none-eabi/12.3.1/thumb/v7e-m+fp/hard/crti.o
                0x080043dc                _fini
 .fini          0x080043e0        0x8 C:/ST/STM32CubeCLT_1.15.1/GNU-tools-for-STM32/bin/../lib/gcc/arm-none-eabi/12.3.1/thumb/v7e-m+fp/hard/crtn.o
                0x080043e8                        . = ALIGN (0x4)
                0x080043e8                        _etext = .

.vfp11_veneer   0x080043e8        0x0
 .vfp11_veneer  0x080043e8        0x0 linker stubs

.v4_bx          0x080043e8        0x0
 .v4_bx         0x080043e8        0x0 linker stubs

.iplt           0x080043e8        0x0
 .iplt          0x080043e8        0x0 C:/ST/STM32CubeCLT_1.15.1/GNU-tools-for-STM32/bin/../lib/gcc/arm-none-eabi/12.3.1/thumb/v7e-m+fp/hard/crtbegin.o

.rodata         0x080043e8       0x18
                0x080043e8                        . = ALIGN (0x4)
 *(.rodata)
 *(.rodata*)
 .rodata.AHBPrescTable
                0x080043e8       0x10 CMakeFiles/PCF8575NXP.dir/Core/Src/system_stm32f4xx.c.obj
                0x080043e8                AHBPrescTable
 .rodata.APBPrescTable
                0x080043f8        0x8 CMakeFiles/PCF8575NXP.dir/Core/Src/system_stm32f4xx.c.obj
                0x080043f8                APBPrescTable
                0x08004400                        . = ALIGN (0x4)

.ARM.extab
 *(.ARM.extab* .gnu.linkonce.armextab.*)

.ARM            0x08004400        0x8
                0x08004400                        __exidx_start = .
 *(.ARM.exidx*)
 .ARM.exidx     0x08004400        0x8 C:/ST/STM32CubeCLT_1.15.1/GNU-tools-for-STM32/bin/../lib/gcc/arm-none-eabi/12.3.1/thumb/v7e-m+fp/hard\libgcc.a(_udivmoddi4.o)
                0x08004408                        __exidx_end = .

.rel.dyn        0x08004408        0x0
 .rel.iplt      0x08004408        0x0 C:/ST/STM32CubeCLT_1.15.1/GNU-tools-for-STM32/bin/../lib/gcc/arm-none-eabi/12.3.1/thumb/v7e-m+fp/hard/crtbegin.o

.preinit_array  0x08004408        0x0
                0x08004408                        PROVIDE (__preinit_array_start = .)
 *(.preinit_array*)
                0x08004408                        PROVIDE (__preinit_array_end = .)

.init_array     0x08004408        0x4
                0x08004408                        PROVIDE (__init_array_start = .)
 *(SORT_BY_NAME(.init_array.*))
 *(.init_array*)
 .init_array    0x08004408        0x4 C:/ST/STM32CubeCLT_1.15.1/GNU-tools-for-STM32/bin/../lib/gcc/arm-none-eabi/12.3.1/thumb/v7e-m+fp/hard/crtbegin.o
                0x0800440c                        PROVIDE (__init_array_end = .)

.fini_array     0x0800440c        0x4
                [!provide]                        PROVIDE (__fini_array_start = .)
 *(SORT_BY_NAME(.fini_array.*))
 *(.fini_array*)
 .fini_array    0x0800440c        0x4 C:/ST/STM32CubeCLT_1.15.1/GNU-tools-for-STM32/bin/../lib/gcc/arm-none-eabi/12.3.1/thumb/v7e-m+fp/hard/crtbegin.o
                [!provide]                        PROVIDE (__fini_array_end = .)
                0x08004410                        _sidata = LOADADDR (.data)

.data           0x20000000       0x10 load address 0x08004410
                0x20000000                        . = ALIGN (0x4)
                0x20000000                        _sdata = .
 *(.data)
 *(.data*)
 .data.write    0x20000000        0x1 CMakeFiles/PCF8575NXP.dir/Core/Src/main.c.obj
                0x20000000                write
 *fill*         0x20000001        0x3 
 .data.uwTickPrio
                0x20000004        0x4 CMakeFiles/PCF8575NXP.dir/Drivers/STM32F4xx_HAL_Driver/Src/stm32f4xx_hal.c.obj
                0x20000004                uwTickPrio
 .data.uwTickFreq
                0x20000008        0x1 CMakeFiles/PCF8575NXP.dir/Drivers/STM32F4xx_HAL_Driver/Src/stm32f4xx_hal.c.obj
                0x20000008                uwTickFreq
 *fill*         0x20000009        0x3 
 .data.SystemCoreClock
                0x2000000c        0x4 CMakeFiles/PCF8575NXP.dir/Core/Src/system_stm32f4xx.c.obj
                0x2000000c                SystemCoreClock
                0x20000010                        . = ALIGN (0x4)
                0x20000010                        _edata = .
                0x08004420                        _siccmram = LOADADDR (.ccmram)

.igot.plt       0x20000010        0x0 load address 0x08004420
 .igot.plt      0x20000010        0x0 C:/ST/STM32CubeCLT_1.15.1/GNU-tools-for-STM32/bin/../lib/gcc/arm-none-eabi/12.3.1/thumb/v7e-m+fp/hard/crtbegin.o

.ccmram         0x10000000        0x0 load address 0x08004420
                0x10000000                        . = ALIGN (0x4)
                0x10000000                        _sccmram = .
 *(.ccmram)
 *(.ccmram*)
                0x10000000                        . = ALIGN (0x4)
                0x10000000                        _eccmram = .
                0x10000000                        . = ALIGN (0x4)

.bss            0x20000010      0x7ec
                0x20000010                        _sbss = .
                0x20000010                        __bss_start__ = _sbss
 *(.bss)
 .bss           0x20000010       0x1c C:/ST/STM32CubeCLT_1.15.1/GNU-tools-for-STM32/bin/../lib/gcc/arm-none-eabi/12.3.1/thumb/v7e-m+fp/hard/crtbegin.o
 *(.bss*)
 .bss.write2    0x2000002c        0x1 CMakeFiles/PCF8575NXP.dir/Core/Src/main.c.obj
                0x2000002c                write2
 *fill*         0x2000002d        0x3 
 .bss.DMARxDscrTab
                0x20000030       0xa0 CMakeFiles/PCF8575NXP.dir/Core/Src/eth.c.obj
                0x20000030                DMARxDscrTab
 .bss.DMATxDscrTab
                0x200000d0       0xa0 CMakeFiles/PCF8575NXP.dir/Core/Src/eth.c.obj
                0x200000d0                DMATxDscrTab
 .bss.TxConfig  0x20000170       0x38 CMakeFiles/PCF8575NXP.dir/Core/Src/eth.c.obj
                0x20000170                TxConfig
 .bss.heth      0x200001a8       0xb0 CMakeFiles/PCF8575NXP.dir/Core/Src/eth.c.obj
                0x200001a8                heth
 .bss.MACAddr.0
                0x20000258        0x6 CMakeFiles/PCF8575NXP.dir/Core/Src/eth.c.obj
 *fill*         0x2000025e        0x2 
 .bss.hi2c1     0x20000260       0x54 CMakeFiles/PCF8575NXP.dir/Core/Src/i2c.c.obj
                0x20000260                hi2c1
 .bss.huart3    0x200002b4       0x48 CMakeFiles/PCF8575NXP.dir/Core/Src/usart.c.obj
                0x200002b4                huart3
 .bss.hpcd_USB_OTG_FS
                0x200002fc      0x4e4 CMakeFiles/PCF8575NXP.dir/Core/Src/usb_otg.c.obj
                0x200002fc                hpcd_USB_OTG_FS
 .bss.PCF8574_timeout
                0x200007e0        0x2 CMakeFiles/PCF8575NXP.dir/Core/Src/PCF8574.c.obj
                0x200007e0                PCF8574_timeout
 *fill*         0x200007e2        0x2 
 .bss.PCF8574_data
                0x200007e4        0x1 CMakeFiles/PCF8575NXP.dir/Core/Src/PCF8574.c.obj
                0x200007e4                PCF8574_data
 *fill*         0x200007e5        0x3 
 .bss.slave     0x200007e8       0x10 CMakeFiles/PCF8575NXP.dir/Core/Src/PCF8574.c.obj
                0x200007e8                slave
 .bss.uwTick    0x200007f8        0x4 CMakeFiles/PCF8575NXP.dir/Drivers/STM32F4xx_HAL_Driver/Src/stm32f4xx_hal.c.obj
                0x200007f8                uwTick
 *(COMMON)
                0x200007fc                        . = ALIGN (0x4)
                0x200007fc                        _ebss = .
                0x200007fc                        __bss_end__ = _ebss

._user_heap_stack
                0x200007fc      0x604
                0x20000800                        . = ALIGN (0x8)
 *fill*         0x200007fc        0x4 
                [!provide]                        PROVIDE (end = .)
                0x20000800                        PROVIDE (_end = .)
                0x20000a00                        . = (. + _Min_Heap_Size)
 *fill*         0x20000800      0x200 
                0x20000e00                        . = (. + _Min_Stack_Size)
 *fill*         0x20000a00      0x400 
                0x20000e00                        . = ALIGN (0x8)

/DISCARD/
 libc.a(*)
 libm.a(*)
 libgcc.a(*)

.ARM.attributes
                0x00000000       0x30
 *(.ARM.attributes)
 .ARM.attributes
                0x00000000       0x22 C:/ST/STM32CubeCLT_1.15.1/GNU-tools-for-STM32/bin/../lib/gcc/arm-none-eabi/12.3.1/thumb/v7e-m+fp/hard/crti.o
 .ARM.attributes
                0x00000022       0x34 C:/ST/STM32CubeCLT_1.15.1/GNU-tools-for-STM32/bin/../lib/gcc/arm-none-eabi/12.3.1/thumb/v7e-m+fp/hard/crtbegin.o
 .ARM.attributes
                0x00000056       0x34 C:/ST/STM32CubeCLT_1.15.1/GNU-tools-for-STM32/bin/../lib/gcc/arm-none-eabi/12.3.1/../../../../arm-none-eabi/lib/thumb/v7e-m+fp/hard\libc_nano.a(libc_a-memset.o)
 .ARM.attributes
                0x0000008a       0x34 C:/ST/STM32CubeCLT_1.15.1/GNU-tools-for-STM32/bin/../lib/gcc/arm-none-eabi/12.3.1/../../../../arm-none-eabi/lib/thumb/v7e-m+fp/hard\libc_nano.a(libc_a-init.o)
 .ARM.attributes
                0x000000be       0x34 CMakeFiles/PCF8575NXP.dir/Core/Src/main.c.obj
 .ARM.attributes
                0x000000f2       0x34 CMakeFiles/PCF8575NXP.dir/Core/Src/gpio.c.obj
 .ARM.attributes
                0x00000126       0x34 CMakeFiles/PCF8575NXP.dir/Core/Src/eth.c.obj
 .ARM.attributes
                0x0000015a       0x34 CMakeFiles/PCF8575NXP.dir/Core/Src/i2c.c.obj
 .ARM.attributes
                0x0000018e       0x34 CMakeFiles/PCF8575NXP.dir/Core/Src/usart.c.obj
 .ARM.attributes
                0x000001c2       0x34 CMakeFiles/PCF8575NXP.dir/Core/Src/usb_otg.c.obj
 .ARM.attributes
                0x000001f6       0x34 CMakeFiles/PCF8575NXP.dir/Core/Src/stm32f4xx_it.c.obj
 .ARM.attributes
                0x0000022a       0x34 CMakeFiles/PCF8575NXP.dir/Core/Src/stm32f4xx_hal_msp.c.obj
 .ARM.attributes
                0x0000025e       0x34 CMakeFiles/PCF8575NXP.dir/Core/Src/PCF8574.c.obj
 .ARM.attributes
                0x00000292       0x34 CMakeFiles/PCF8575NXP.dir/Drivers/STM32F4xx_HAL_Driver/Src/stm32f4xx_hal_rcc.c.obj
 .ARM.attributes
                0x000002c6       0x34 CMakeFiles/PCF8575NXP.dir/Drivers/STM32F4xx_HAL_Driver/Src/stm32f4xx_hal_gpio.c.obj
 .ARM.attributes
                0x000002fa       0x34 CMakeFiles/PCF8575NXP.dir/Drivers/STM32F4xx_HAL_Driver/Src/stm32f4xx_hal_cortex.c.obj
 .ARM.attributes
                0x0000032e       0x34 CMakeFiles/PCF8575NXP.dir/Drivers/STM32F4xx_HAL_Driver/Src/stm32f4xx_hal.c.obj
 .ARM.attributes
                0x00000362       0x34 CMakeFiles/PCF8575NXP.dir/Drivers/STM32F4xx_HAL_Driver/Src/stm32f4xx_hal_eth.c.obj
 .ARM.attributes
                0x00000396       0x34 CMakeFiles/PCF8575NXP.dir/Drivers/STM32F4xx_HAL_Driver/Src/stm32f4xx_hal_i2c.c.obj
 .ARM.attributes
                0x000003ca       0x34 CMakeFiles/PCF8575NXP.dir/Drivers/STM32F4xx_HAL_Driver/Src/stm32f4xx_hal_i2c_ex.c.obj
 .ARM.attributes
                0x000003fe       0x34 CMakeFiles/PCF8575NXP.dir/Drivers/STM32F4xx_HAL_Driver/Src/stm32f4xx_hal_uart.c.obj
 .ARM.attributes
                0x00000432       0x34 CMakeFiles/PCF8575NXP.dir/Drivers/STM32F4xx_HAL_Driver/Src/stm32f4xx_hal_pcd.c.obj
 .ARM.attributes
                0x00000466       0x34 CMakeFiles/PCF8575NXP.dir/Drivers/STM32F4xx_HAL_Driver/Src/stm32f4xx_ll_usb.c.obj
 .ARM.attributes
                0x0000049a       0x34 CMakeFiles/PCF8575NXP.dir/Core/Src/system_stm32f4xx.c.obj
 .ARM.attributes
                0x000004ce       0x21 CMakeFiles/PCF8575NXP.dir/startup_stm32f429xx.s.obj
 .ARM.attributes
                0x000004ef       0x22 C:/ST/STM32CubeCLT_1.15.1/GNU-tools-for-STM32/bin/../lib/gcc/arm-none-eabi/12.3.1/thumb/v7e-m+fp/hard\libgcc.a(_aeabi_uldivmod.o)
 .ARM.attributes
                0x00000511       0x34 C:/ST/STM32CubeCLT_1.15.1/GNU-tools-for-STM32/bin/../lib/gcc/arm-none-eabi/12.3.1/thumb/v7e-m+fp/hard\libgcc.a(_udivmoddi4.o)
 .ARM.attributes
                0x00000545       0x22 C:/ST/STM32CubeCLT_1.15.1/GNU-tools-for-STM32/bin/../lib/gcc/arm-none-eabi/12.3.1/thumb/v7e-m+fp/hard\libgcc.a(_dvmd_tls.o)
 .ARM.attributes
                0x00000567       0x22 C:/ST/STM32CubeCLT_1.15.1/GNU-tools-for-STM32/bin/../lib/gcc/arm-none-eabi/12.3.1/thumb/v7e-m+fp/hard/crtn.o
OUTPUT(PCF8575NXP.elf elf32-littlearm)
LOAD linker stubs
LOAD C:/ST/STM32CubeCLT_1.15.1/GNU-tools-for-STM32/bin/../lib/gcc/arm-none-eabi/12.3.1/../../../../arm-none-eabi/lib/thumb/v7e-m+fp/hard\libc.a
LOAD C:/ST/STM32CubeCLT_1.15.1/GNU-tools-for-STM32/bin/../lib/gcc/arm-none-eabi/12.3.1/../../../../arm-none-eabi/lib/thumb/v7e-m+fp/hard\libm.a
LOAD C:/ST/STM32CubeCLT_1.15.1/GNU-tools-for-STM32/bin/../lib/gcc/arm-none-eabi/12.3.1/thumb/v7e-m+fp/hard\libgcc.a

.debug_frame    0x00000000     0x3d40
 .debug_frame   0x00000000       0x20 C:/ST/STM32CubeCLT_1.15.1/GNU-tools-for-STM32/bin/../lib/gcc/arm-none-eabi/12.3.1/../../../../arm-none-eabi/lib/thumb/v7e-m+fp/hard\libc_nano.a(libc_a-memset.o)
 .debug_frame   0x00000020       0x2c C:/ST/STM32CubeCLT_1.15.1/GNU-tools-for-STM32/bin/../lib/gcc/arm-none-eabi/12.3.1/../../../../arm-none-eabi/lib/thumb/v7e-m+fp/hard\libc_nano.a(libc_a-init.o)
 .debug_frame   0x0000004c       0x68 CMakeFiles/PCF8575NXP.dir/Core/Src/main.c.obj
 .debug_frame   0x000000b4       0x34 CMakeFiles/PCF8575NXP.dir/Core/Src/gpio.c.obj
 .debug_frame   0x000000e8       0x74 CMakeFiles/PCF8575NXP.dir/Core/Src/eth.c.obj
 .debug_frame   0x0000015c       0x74 CMakeFiles/PCF8575NXP.dir/Core/Src/i2c.c.obj
 .debug_frame   0x000001d0       0x74 CMakeFiles/PCF8575NXP.dir/Core/Src/usart.c.obj
 .debug_frame   0x00000244       0x74 CMakeFiles/PCF8575NXP.dir/Core/Src/usb_otg.c.obj
 .debug_frame   0x000002b8      0x104 CMakeFiles/PCF8575NXP.dir/Core/Src/stm32f4xx_it.c.obj
 .debug_frame   0x000003bc       0x38 CMakeFiles/PCF8575NXP.dir/Core/Src/stm32f4xx_hal_msp.c.obj
 .debug_frame   0x000003f4       0xa0 CMakeFiles/PCF8575NXP.dir/Core/Src/PCF8574.c.obj
 .debug_frame   0x00000494      0x1f4 CMakeFiles/PCF8575NXP.dir/Drivers/STM32F4xx_HAL_Driver/Src/stm32f4xx_hal_rcc.c.obj
 .debug_frame   0x00000688      0x14c CMakeFiles/PCF8575NXP.dir/Drivers/STM32F4xx_HAL_Driver/Src/stm32f4xx_hal_gpio.c.obj
 .debug_frame   0x000007d4      0x4b8 CMakeFiles/PCF8575NXP.dir/Drivers/STM32F4xx_HAL_Driver/Src/stm32f4xx_hal_cortex.c.obj
 .debug_frame   0x00000c8c      0x3b4 CMakeFiles/PCF8575NXP.dir/Drivers/STM32F4xx_HAL_Driver/Src/stm32f4xx_hal.c.obj
 .debug_frame   0x00001040      0x898 CMakeFiles/PCF8575NXP.dir/Drivers/STM32F4xx_HAL_Driver/Src/stm32f4xx_hal_eth.c.obj
 .debug_frame   0x000018d8      0xc84 CMakeFiles/PCF8575NXP.dir/Drivers/STM32F4xx_HAL_Driver/Src/stm32f4xx_hal_i2c.c.obj
 .debug_frame   0x0000255c       0x60 CMakeFiles/PCF8575NXP.dir/Drivers/STM32F4xx_HAL_Driver/Src/stm32f4xx_hal_i2c_ex.c.obj
 .debug_frame   0x000025bc      0x954 CMakeFiles/PCF8575NXP.dir/Drivers/STM32F4xx_HAL_Driver/Src/stm32f4xx_hal_uart.c.obj
 .debug_frame   0x00002f10      0x5b8 CMakeFiles/PCF8575NXP.dir/Drivers/STM32F4xx_HAL_Driver/Src/stm32f4xx_hal_pcd.c.obj
 .debug_frame   0x000034c8      0x7c0 CMakeFiles/PCF8575NXP.dir/Drivers/STM32F4xx_HAL_Driver/Src/stm32f4xx_ll_usb.c.obj
 .debug_frame   0x00003c88       0x58 CMakeFiles/PCF8575NXP.dir/Core/Src/system_stm32f4xx.c.obj
 .debug_frame   0x00003ce0       0x2c C:/ST/STM32CubeCLT_1.15.1/GNU-tools-for-STM32/bin/../lib/gcc/arm-none-eabi/12.3.1/thumb/v7e-m+fp/hard\libgcc.a(_aeabi_uldivmod.o)
 .debug_frame   0x00003d0c       0x34 C:/ST/STM32CubeCLT_1.15.1/GNU-tools-for-STM32/bin/../lib/gcc/arm-none-eabi/12.3.1/thumb/v7e-m+fp/hard\libgcc.a(_udivmoddi4.o)

.debug_info     0x00000000    0x11b86
 .debug_info    0x00000000      0xab0 CMakeFiles/PCF8575NXP.dir/Core/Src/main.c.obj
 .debug_info    0x00000ab0      0x459 CMakeFiles/PCF8575NXP.dir/Core/Src/gpio.c.obj
 .debug_info    0x00000f09      0xf3c CMakeFiles/PCF8575NXP.dir/Core/Src/eth.c.obj
 .debug_info    0x00001e45      0x9be CMakeFiles/PCF8575NXP.dir/Core/Src/i2c.c.obj
 .debug_info    0x00002803      0x935 CMakeFiles/PCF8575NXP.dir/Core/Src/usart.c.obj
 .debug_info    0x00003138      0x94b CMakeFiles/PCF8575NXP.dir/Core/Src/usb_otg.c.obj
 .debug_info    0x00003a83      0x112 CMakeFiles/PCF8575NXP.dir/Core/Src/stm32f4xx_it.c.obj
 .debug_info    0x00003b95      0x281 CMakeFiles/PCF8575NXP.dir/Core/Src/stm32f4xx_hal_msp.c.obj
 .debug_info    0x00003e16      0x7a6 CMakeFiles/PCF8575NXP.dir/Core/Src/PCF8574.c.obj
 .debug_info    0x000045bc      0x8c9 CMakeFiles/PCF8575NXP.dir/Drivers/STM32F4xx_HAL_Driver/Src/stm32f4xx_hal_rcc.c.obj
 .debug_info    0x00004e85      0x6db CMakeFiles/PCF8575NXP.dir/Drivers/STM32F4xx_HAL_Driver/Src/stm32f4xx_hal_gpio.c.obj
 .debug_info    0x00005560      0xd8d CMakeFiles/PCF8575NXP.dir/Drivers/STM32F4xx_HAL_Driver/Src/stm32f4xx_hal_cortex.c.obj
 .debug_info    0x000062ed      0x9ba CMakeFiles/PCF8575NXP.dir/Drivers/STM32F4xx_HAL_Driver/Src/stm32f4xx_hal.c.obj
 .debug_info    0x00006ca7     0x209d CMakeFiles/PCF8575NXP.dir/Drivers/STM32F4xx_HAL_Driver/Src/stm32f4xx_hal_eth.c.obj
 .debug_info    0x00008d44     0x2421 CMakeFiles/PCF8575NXP.dir/Drivers/STM32F4xx_HAL_Driver/Src/stm32f4xx_hal_i2c.c.obj
 .debug_info    0x0000b165      0x672 CMakeFiles/PCF8575NXP.dir/Drivers/STM32F4xx_HAL_Driver/Src/stm32f4xx_hal_i2c_ex.c.obj
 .debug_info    0x0000b7d7     0x2f4f CMakeFiles/PCF8575NXP.dir/Drivers/STM32F4xx_HAL_Driver/Src/stm32f4xx_hal_uart.c.obj
 .debug_info    0x0000e726     0x156f CMakeFiles/PCF8575NXP.dir/Drivers/STM32F4xx_HAL_Driver/Src/stm32f4xx_hal_pcd.c.obj
 .debug_info    0x0000fc95     0x1993 CMakeFiles/PCF8575NXP.dir/Drivers/STM32F4xx_HAL_Driver/Src/stm32f4xx_ll_usb.c.obj
 .debug_info    0x00011628      0x52e CMakeFiles/PCF8575NXP.dir/Core/Src/system_stm32f4xx.c.obj
 .debug_info    0x00011b56       0x30 CMakeFiles/PCF8575NXP.dir/startup_stm32f429xx.s.obj

.debug_abbrev   0x00000000     0x2989
 .debug_abbrev  0x00000000      0x24e CMakeFiles/PCF8575NXP.dir/Core/Src/main.c.obj
 .debug_abbrev  0x0000024e      0x152 CMakeFiles/PCF8575NXP.dir/Core/Src/gpio.c.obj
 .debug_abbrev  0x000003a0      0x249 CMakeFiles/PCF8575NXP.dir/Core/Src/eth.c.obj
 .debug_abbrev  0x000005e9      0x20a CMakeFiles/PCF8575NXP.dir/Core/Src/i2c.c.obj
 .debug_abbrev  0x000007f3      0x1f9 CMakeFiles/PCF8575NXP.dir/Core/Src/usart.c.obj
 .debug_abbrev  0x000009ec      0x219 CMakeFiles/PCF8575NXP.dir/Core/Src/usb_otg.c.obj
 .debug_abbrev  0x00000c05       0x73 CMakeFiles/PCF8575NXP.dir/Core/Src/stm32f4xx_it.c.obj
 .debug_abbrev  0x00000c78       0xd8 CMakeFiles/PCF8575NXP.dir/Core/Src/stm32f4xx_hal_msp.c.obj
 .debug_abbrev  0x00000d50      0x1d8 CMakeFiles/PCF8575NXP.dir/Core/Src/PCF8574.c.obj
 .debug_abbrev  0x00000f28      0x2b6 CMakeFiles/PCF8575NXP.dir/Drivers/STM32F4xx_HAL_Driver/Src/stm32f4xx_hal_rcc.c.obj
 .debug_abbrev  0x000011de      0x1d4 CMakeFiles/PCF8575NXP.dir/Drivers/STM32F4xx_HAL_Driver/Src/stm32f4xx_hal_gpio.c.obj
 .debug_abbrev  0x000013b2      0x328 CMakeFiles/PCF8575NXP.dir/Drivers/STM32F4xx_HAL_Driver/Src/stm32f4xx_hal_cortex.c.obj
 .debug_abbrev  0x000016da      0x214 CMakeFiles/PCF8575NXP.dir/Drivers/STM32F4xx_HAL_Driver/Src/stm32f4xx_hal.c.obj
 .debug_abbrev  0x000018ee      0x2df CMakeFiles/PCF8575NXP.dir/Drivers/STM32F4xx_HAL_Driver/Src/stm32f4xx_hal_eth.c.obj
 .debug_abbrev  0x00001bcd      0x2ad CMakeFiles/PCF8575NXP.dir/Drivers/STM32F4xx_HAL_Driver/Src/stm32f4xx_hal_i2c.c.obj
 .debug_abbrev  0x00001e7a      0x157 CMakeFiles/PCF8575NXP.dir/Drivers/STM32F4xx_HAL_Driver/Src/stm32f4xx_hal_i2c_ex.c.obj
 .debug_abbrev  0x00001fd1      0x30e CMakeFiles/PCF8575NXP.dir/Drivers/STM32F4xx_HAL_Driver/Src/stm32f4xx_hal_uart.c.obj
 .debug_abbrev  0x000022df      0x2b9 CMakeFiles/PCF8575NXP.dir/Drivers/STM32F4xx_HAL_Driver/Src/stm32f4xx_hal_pcd.c.obj
 .debug_abbrev  0x00002598      0x2b3 CMakeFiles/PCF8575NXP.dir/Drivers/STM32F4xx_HAL_Driver/Src/stm32f4xx_ll_usb.c.obj
 .debug_abbrev  0x0000284b      0x11a CMakeFiles/PCF8575NXP.dir/Core/Src/system_stm32f4xx.c.obj
 .debug_abbrev  0x00002965       0x24 CMakeFiles/PCF8575NXP.dir/startup_stm32f429xx.s.obj

.debug_aranges  0x00000000      0xeb8
 .debug_aranges
                0x00000000       0x30 CMakeFiles/PCF8575NXP.dir/Core/Src/main.c.obj
 .debug_aranges
                0x00000030       0x20 CMakeFiles/PCF8575NXP.dir/Core/Src/gpio.c.obj
 .debug_aranges
                0x00000050       0x30 CMakeFiles/PCF8575NXP.dir/Core/Src/eth.c.obj
 .debug_aranges
                0x00000080       0x30 CMakeFiles/PCF8575NXP.dir/Core/Src/i2c.c.obj
 .debug_aranges
                0x000000b0       0x30 CMakeFiles/PCF8575NXP.dir/Core/Src/usart.c.obj
 .debug_aranges
                0x000000e0       0x30 CMakeFiles/PCF8575NXP.dir/Core/Src/usb_otg.c.obj
 .debug_aranges
                0x00000110       0x60 CMakeFiles/PCF8575NXP.dir/Core/Src/stm32f4xx_it.c.obj
 .debug_aranges
                0x00000170       0x20 CMakeFiles/PCF8575NXP.dir/Core/Src/stm32f4xx_hal_msp.c.obj
 .debug_aranges
                0x00000190       0x38 CMakeFiles/PCF8575NXP.dir/Core/Src/PCF8574.c.obj
 .debug_aranges
                0x000001c8       0x88 CMakeFiles/PCF8575NXP.dir/Drivers/STM32F4xx_HAL_Driver/Src/stm32f4xx_hal_rcc.c.obj
 .debug_aranges
                0x00000250       0x58 CMakeFiles/PCF8575NXP.dir/Drivers/STM32F4xx_HAL_Driver/Src/stm32f4xx_hal_gpio.c.obj
 .debug_aranges
                0x000002a8      0x120 CMakeFiles/PCF8575NXP.dir/Drivers/STM32F4xx_HAL_Driver/Src/stm32f4xx_hal_cortex.c.obj
 .debug_aranges
                0x000003c8      0x100 CMakeFiles/PCF8575NXP.dir/Drivers/STM32F4xx_HAL_Driver/Src/stm32f4xx_hal.c.obj
 .debug_aranges
                0x000004c8      0x1e0 CMakeFiles/PCF8575NXP.dir/Drivers/STM32F4xx_HAL_Driver/Src/stm32f4xx_hal_eth.c.obj
 .debug_aranges
                0x000006a8      0x2a8 CMakeFiles/PCF8575NXP.dir/Drivers/STM32F4xx_HAL_Driver/Src/stm32f4xx_hal_i2c.c.obj
 .debug_aranges
                0x00000950       0x28 CMakeFiles/PCF8575NXP.dir/Drivers/STM32F4xx_HAL_Driver/Src/stm32f4xx_hal_i2c_ex.c.obj
 .debug_aranges
                0x00000978      0x208 CMakeFiles/PCF8575NXP.dir/Drivers/STM32F4xx_HAL_Driver/Src/stm32f4xx_hal_uart.c.obj
 .debug_aranges
                0x00000b80      0x148 CMakeFiles/PCF8575NXP.dir/Drivers/STM32F4xx_HAL_Driver/Src/stm32f4xx_hal_pcd.c.obj
 .debug_aranges
                0x00000cc8      0x1a0 CMakeFiles/PCF8575NXP.dir/Drivers/STM32F4xx_HAL_Driver/Src/stm32f4xx_ll_usb.c.obj
 .debug_aranges
                0x00000e68       0x28 CMakeFiles/PCF8575NXP.dir/Core/Src/system_stm32f4xx.c.obj
 .debug_aranges
                0x00000e90       0x28 CMakeFiles/PCF8575NXP.dir/startup_stm32f429xx.s.obj

.debug_rnglists
                0x00000000      0xb67
 .debug_rnglists
                0x00000000       0x20 CMakeFiles/PCF8575NXP.dir/Core/Src/main.c.obj
 .debug_rnglists
                0x00000020       0x14 CMakeFiles/PCF8575NXP.dir/Core/Src/gpio.c.obj
 .debug_rnglists
                0x00000034       0x21 CMakeFiles/PCF8575NXP.dir/Core/Src/eth.c.obj
 .debug_rnglists
                0x00000055       0x21 CMakeFiles/PCF8575NXP.dir/Core/Src/i2c.c.obj
 .debug_rnglists
                0x00000076       0x20 CMakeFiles/PCF8575NXP.dir/Core/Src/usart.c.obj
 .debug_rnglists
                0x00000096       0x20 CMakeFiles/PCF8575NXP.dir/Core/Src/usb_otg.c.obj
 .debug_rnglists
                0x000000b6       0x43 CMakeFiles/PCF8575NXP.dir/Core/Src/stm32f4xx_it.c.obj
 .debug_rnglists
                0x000000f9       0x13 CMakeFiles/PCF8575NXP.dir/Core/Src/stm32f4xx_hal_msp.c.obj
 .debug_rnglists
                0x0000010c       0x26 CMakeFiles/PCF8575NXP.dir/Core/Src/PCF8574.c.obj
 .debug_rnglists
                0x00000132       0x66 CMakeFiles/PCF8575NXP.dir/Drivers/STM32F4xx_HAL_Driver/Src/stm32f4xx_hal_rcc.c.obj
 .debug_rnglists
                0x00000198       0x3f CMakeFiles/PCF8575NXP.dir/Drivers/STM32F4xx_HAL_Driver/Src/stm32f4xx_hal_gpio.c.obj
 .debug_rnglists
                0x000001d7       0xd4 CMakeFiles/PCF8575NXP.dir/Drivers/STM32F4xx_HAL_Driver/Src/stm32f4xx_hal_cortex.c.obj
 .debug_rnglists
                0x000002ab       0xbb CMakeFiles/PCF8575NXP.dir/Drivers/STM32F4xx_HAL_Driver/Src/stm32f4xx_hal.c.obj
 .debug_rnglists
                0x00000366      0x17c CMakeFiles/PCF8575NXP.dir/Drivers/STM32F4xx_HAL_Driver/Src/stm32f4xx_hal_eth.c.obj
 .debug_rnglists
                0x000004e2      0x23c CMakeFiles/PCF8575NXP.dir/Drivers/STM32F4xx_HAL_Driver/Src/stm32f4xx_hal_i2c.c.obj
 .debug_rnglists
                0x0000071e       0x19 CMakeFiles/PCF8575NXP.dir/Drivers/STM32F4xx_HAL_Driver/Src/stm32f4xx_hal_i2c_ex.c.obj
 .debug_rnglists
                0x00000737      0x1bc CMakeFiles/PCF8575NXP.dir/Drivers/STM32F4xx_HAL_Driver/Src/stm32f4xx_hal_uart.c.obj
 .debug_rnglists
                0x000008f3       0xfa CMakeFiles/PCF8575NXP.dir/Drivers/STM32F4xx_HAL_Driver/Src/stm32f4xx_hal_pcd.c.obj
 .debug_rnglists
                0x000009ed      0x147 CMakeFiles/PCF8575NXP.dir/Drivers/STM32F4xx_HAL_Driver/Src/stm32f4xx_ll_usb.c.obj
 .debug_rnglists
                0x00000b34       0x1a CMakeFiles/PCF8575NXP.dir/Core/Src/system_stm32f4xx.c.obj
 .debug_rnglists
                0x00000b4e       0x19 CMakeFiles/PCF8575NXP.dir/startup_stm32f429xx.s.obj

.debug_macro    0x00000000    0x251d3
 .debug_macro   0x00000000      0x25e CMakeFiles/PCF8575NXP.dir/Core/Src/main.c.obj
 .debug_macro   0x0000025e      0xab4 CMakeFiles/PCF8575NXP.dir/Core/Src/main.c.obj
 .debug_macro   0x00000d12      0x2a7 CMakeFiles/PCF8575NXP.dir/Core/Src/main.c.obj
 .debug_macro   0x00000fb9       0x2e CMakeFiles/PCF8575NXP.dir/Core/Src/main.c.obj
 .debug_macro   0x00000fe7       0x28 CMakeFiles/PCF8575NXP.dir/Core/Src/main.c.obj
 .debug_macro   0x0000100f       0x22 CMakeFiles/PCF8575NXP.dir/Core/Src/main.c.obj
 .debug_macro   0x00001031       0x8e CMakeFiles/PCF8575NXP.dir/Core/Src/main.c.obj
 .debug_macro   0x000010bf       0x51 CMakeFiles/PCF8575NXP.dir/Core/Src/main.c.obj
 .debug_macro   0x00001110      0x103 CMakeFiles/PCF8575NXP.dir/Core/Src/main.c.obj
 .debug_macro   0x00001213       0x6a CMakeFiles/PCF8575NXP.dir/Core/Src/main.c.obj
 .debug_macro   0x0000127d      0x1df CMakeFiles/PCF8575NXP.dir/Core/Src/main.c.obj
 .debug_macro   0x0000145c       0x1c CMakeFiles/PCF8575NXP.dir/Core/Src/main.c.obj
 .debug_macro   0x00001478       0x22 CMakeFiles/PCF8575NXP.dir/Core/Src/main.c.obj
 .debug_macro   0x0000149a       0xfb CMakeFiles/PCF8575NXP.dir/Core/Src/main.c.obj
 .debug_macro   0x00001595     0x1011 CMakeFiles/PCF8575NXP.dir/Core/Src/main.c.obj
 .debug_macro   0x000025a6      0x11f CMakeFiles/PCF8575NXP.dir/Core/Src/main.c.obj
 .debug_macro   0x000026c5    0x17fd8 CMakeFiles/PCF8575NXP.dir/Core/Src/main.c.obj
 .debug_macro   0x0001a69d       0x6d CMakeFiles/PCF8575NXP.dir/Core/Src/main.c.obj
 .debug_macro   0x0001a70a     0x3703 CMakeFiles/PCF8575NXP.dir/Core/Src/main.c.obj
 .debug_macro   0x0001de0d      0x189 CMakeFiles/PCF8575NXP.dir/Core/Src/main.c.obj
 .debug_macro   0x0001df96       0x5c CMakeFiles/PCF8575NXP.dir/Core/Src/main.c.obj
 .debug_macro   0x0001dff2      0xcba CMakeFiles/PCF8575NXP.dir/Core/Src/main.c.obj
 .debug_macro   0x0001ecac      0x9e9 CMakeFiles/PCF8575NXP.dir/Core/Src/main.c.obj
 .debug_macro   0x0001f695      0x115 CMakeFiles/PCF8575NXP.dir/Core/Src/main.c.obj
 .debug_macro   0x0001f7aa      0x156 CMakeFiles/PCF8575NXP.dir/Core/Src/main.c.obj
 .debug_macro   0x0001f900       0xa5 CMakeFiles/PCF8575NXP.dir/Core/Src/main.c.obj
 .debug_macro   0x0001f9a5      0x182 CMakeFiles/PCF8575NXP.dir/Core/Src/main.c.obj
 .debug_macro   0x0001fb27      0x287 CMakeFiles/PCF8575NXP.dir/Core/Src/main.c.obj
 .debug_macro   0x0001fdae       0x5f CMakeFiles/PCF8575NXP.dir/Core/Src/main.c.obj
 .debug_macro   0x0001fe0d      0x236 CMakeFiles/PCF8575NXP.dir/Core/Src/main.c.obj
 .debug_macro   0x00020043      0xd44 CMakeFiles/PCF8575NXP.dir/Core/Src/main.c.obj
 .debug_macro   0x00020d87      0x132 CMakeFiles/PCF8575NXP.dir/Core/Src/main.c.obj
 .debug_macro   0x00020eb9      0x41d CMakeFiles/PCF8575NXP.dir/Core/Src/main.c.obj
 .debug_macro   0x000212d6       0x2e CMakeFiles/PCF8575NXP.dir/Core/Src/main.c.obj
 .debug_macro   0x00021304      0x1b5 CMakeFiles/PCF8575NXP.dir/Core/Src/main.c.obj
 .debug_macro   0x000214b9       0x22 CMakeFiles/PCF8575NXP.dir/Core/Src/main.c.obj
 .debug_macro   0x000214db       0xd6 CMakeFiles/PCF8575NXP.dir/Core/Src/main.c.obj
 .debug_macro   0x000215b1      0x127 CMakeFiles/PCF8575NXP.dir/Core/Src/main.c.obj
 .debug_macro   0x000216d8       0xe2 CMakeFiles/PCF8575NXP.dir/Core/Src/main.c.obj
 .debug_macro   0x000217ba       0x89 CMakeFiles/PCF8575NXP.dir/Core/Src/main.c.obj
 .debug_macro   0x00021843      0x2aa CMakeFiles/PCF8575NXP.dir/Core/Src/main.c.obj
 .debug_macro   0x00021aed      0x293 CMakeFiles/PCF8575NXP.dir/Core/Src/main.c.obj
 .debug_macro   0x00021d80       0xba CMakeFiles/PCF8575NXP.dir/Core/Src/main.c.obj
 .debug_macro   0x00021e3a      0x134 CMakeFiles/PCF8575NXP.dir/Core/Src/main.c.obj
 .debug_macro   0x00021f6e      0x130 CMakeFiles/PCF8575NXP.dir/Core/Src/main.c.obj
 .debug_macro   0x0002209e      0x224 CMakeFiles/PCF8575NXP.dir/Core/Src/gpio.c.obj
 .debug_macro   0x000222c2      0x2e3 CMakeFiles/PCF8575NXP.dir/Core/Src/eth.c.obj
 .debug_macro   0x000225a5       0x74 CMakeFiles/PCF8575NXP.dir/Core/Src/eth.c.obj
 .debug_macro   0x00022619       0x2a CMakeFiles/PCF8575NXP.dir/Core/Src/eth.c.obj
 .debug_macro   0x00022643       0x3c CMakeFiles/PCF8575NXP.dir/Core/Src/eth.c.obj
 .debug_macro   0x0002267f       0x34 CMakeFiles/PCF8575NXP.dir/Core/Src/eth.c.obj
 .debug_macro   0x000226b3       0x16 CMakeFiles/PCF8575NXP.dir/Core/Src/eth.c.obj
 .debug_macro   0x000226c9       0x43 CMakeFiles/PCF8575NXP.dir/Core/Src/eth.c.obj
 .debug_macro   0x0002270c       0x34 CMakeFiles/PCF8575NXP.dir/Core/Src/eth.c.obj
 .debug_macro   0x00022740       0x10 CMakeFiles/PCF8575NXP.dir/Core/Src/eth.c.obj
 .debug_macro   0x00022750       0x58 CMakeFiles/PCF8575NXP.dir/Core/Src/eth.c.obj
 .debug_macro   0x000227a8      0x1de CMakeFiles/PCF8575NXP.dir/Core/Src/eth.c.obj
 .debug_macro   0x00022986      0x369 CMakeFiles/PCF8575NXP.dir/Core/Src/eth.c.obj
 .debug_macro   0x00022cef       0x10 CMakeFiles/PCF8575NXP.dir/Core/Src/eth.c.obj
 .debug_macro   0x00022cff       0x35 CMakeFiles/PCF8575NXP.dir/Core/Src/eth.c.obj
 .debug_macro   0x00022d34       0x20 CMakeFiles/PCF8575NXP.dir/Core/Src/eth.c.obj
 .debug_macro   0x00022d54      0x224 CMakeFiles/PCF8575NXP.dir/Core/Src/i2c.c.obj
 .debug_macro   0x00022f78      0x224 CMakeFiles/PCF8575NXP.dir/Core/Src/usart.c.obj
 .debug_macro   0x0002319c      0x224 CMakeFiles/PCF8575NXP.dir/Core/Src/usb_otg.c.obj
 .debug_macro   0x000233c0      0x224 CMakeFiles/PCF8575NXP.dir/Core/Src/stm32f4xx_it.c.obj
 .debug_macro   0x000235e4      0x21a CMakeFiles/PCF8575NXP.dir/Core/Src/stm32f4xx_hal_msp.c.obj
 .debug_macro   0x000237fe      0x20b CMakeFiles/PCF8575NXP.dir/Core/Src/PCF8574.c.obj
 .debug_macro   0x00023a09      0x225 CMakeFiles/PCF8575NXP.dir/Drivers/STM32F4xx_HAL_Driver/Src/stm32f4xx_hal_rcc.c.obj
 .debug_macro   0x00023c2e      0x207 CMakeFiles/PCF8575NXP.dir/Drivers/STM32F4xx_HAL_Driver/Src/stm32f4xx_hal_gpio.c.obj
 .debug_macro   0x00023e35      0x201 CMakeFiles/PCF8575NXP.dir/Drivers/STM32F4xx_HAL_Driver/Src/stm32f4xx_hal_cortex.c.obj
 .debug_macro   0x00024036      0x261 CMakeFiles/PCF8575NXP.dir/Drivers/STM32F4xx_HAL_Driver/Src/stm32f4xx_hal.c.obj
 .debug_macro   0x00024297      0x2db CMakeFiles/PCF8575NXP.dir/Drivers/STM32F4xx_HAL_Driver/Src/stm32f4xx_hal_eth.c.obj
 .debug_macro   0x00024572      0x24f CMakeFiles/PCF8575NXP.dir/Drivers/STM32F4xx_HAL_Driver/Src/stm32f4xx_hal_i2c.c.obj
 .debug_macro   0x000247c1      0x201 CMakeFiles/PCF8575NXP.dir/Drivers/STM32F4xx_HAL_Driver/Src/stm32f4xx_hal_i2c_ex.c.obj
 .debug_macro   0x000249c2      0x202 CMakeFiles/PCF8575NXP.dir/Drivers/STM32F4xx_HAL_Driver/Src/stm32f4xx_hal_uart.c.obj
 .debug_macro   0x00024bc4      0x20d CMakeFiles/PCF8575NXP.dir/Drivers/STM32F4xx_HAL_Driver/Src/stm32f4xx_hal_pcd.c.obj
 .debug_macro   0x00024dd1      0x201 CMakeFiles/PCF8575NXP.dir/Drivers/STM32F4xx_HAL_Driver/Src/stm32f4xx_ll_usb.c.obj
 .debug_macro   0x00024fd2      0x201 CMakeFiles/PCF8575NXP.dir/Core/Src/system_stm32f4xx.c.obj

.debug_line     0x00000000    0x14344
 .debug_line    0x00000000      0x8b5 CMakeFiles/PCF8575NXP.dir/Core/Src/main.c.obj
 .debug_line    0x000008b5      0x807 CMakeFiles/PCF8575NXP.dir/Core/Src/gpio.c.obj
 .debug_line    0x000010bc      0x91b CMakeFiles/PCF8575NXP.dir/Core/Src/eth.c.obj
 .debug_line    0x000019d7      0x850 CMakeFiles/PCF8575NXP.dir/Core/Src/i2c.c.obj
 .debug_line    0x00002227      0x83d CMakeFiles/PCF8575NXP.dir/Core/Src/usart.c.obj
 .debug_line    0x00002a64      0x850 CMakeFiles/PCF8575NXP.dir/Core/Src/usb_otg.c.obj
 .debug_line    0x000032b4      0x896 CMakeFiles/PCF8575NXP.dir/Core/Src/stm32f4xx_it.c.obj
 .debug_line    0x00003b4a      0x7d3 CMakeFiles/PCF8575NXP.dir/Core/Src/stm32f4xx_hal_msp.c.obj
 .debug_line    0x0000431d      0x839 CMakeFiles/PCF8575NXP.dir/Core/Src/PCF8574.c.obj
 .debug_line    0x00004b56      0xe27 CMakeFiles/PCF8575NXP.dir/Drivers/STM32F4xx_HAL_Driver/Src/stm32f4xx_hal_rcc.c.obj
 .debug_line    0x0000597d      0xc68 CMakeFiles/PCF8575NXP.dir/Drivers/STM32F4xx_HAL_Driver/Src/stm32f4xx_hal_gpio.c.obj
 .debug_line    0x000065e5      0xd7c CMakeFiles/PCF8575NXP.dir/Drivers/STM32F4xx_HAL_Driver/Src/stm32f4xx_hal_cortex.c.obj
 .debug_line    0x00007361      0xaea CMakeFiles/PCF8575NXP.dir/Drivers/STM32F4xx_HAL_Driver/Src/stm32f4xx_hal.c.obj
 .debug_line    0x00007e4b     0x1a56 CMakeFiles/PCF8575NXP.dir/Drivers/STM32F4xx_HAL_Driver/Src/stm32f4xx_hal_eth.c.obj
 .debug_line    0x000098a1     0x3bfa CMakeFiles/PCF8575NXP.dir/Drivers/STM32F4xx_HAL_Driver/Src/stm32f4xx_hal_i2c.c.obj
 .debug_line    0x0000d49b      0x841 CMakeFiles/PCF8575NXP.dir/Drivers/STM32F4xx_HAL_Driver/Src/stm32f4xx_hal_i2c_ex.c.obj
 .debug_line    0x0000dcdc     0x2986 CMakeFiles/PCF8575NXP.dir/Drivers/STM32F4xx_HAL_Driver/Src/stm32f4xx_hal_uart.c.obj
 .debug_line    0x00010662     0x159a CMakeFiles/PCF8575NXP.dir/Drivers/STM32F4xx_HAL_Driver/Src/stm32f4xx_hal_pcd.c.obj
 .debug_line    0x00011bfc     0x1e83 CMakeFiles/PCF8575NXP.dir/Drivers/STM32F4xx_HAL_Driver/Src/stm32f4xx_ll_usb.c.obj
 .debug_line    0x00013a7f      0x84b CMakeFiles/PCF8575NXP.dir/Core/Src/system_stm32f4xx.c.obj
 .debug_line    0x000142ca       0x7a CMakeFiles/PCF8575NXP.dir/startup_stm32f429xx.s.obj

.debug_str      0x00000000    0xdc550
 .debug_str     0x00000000    0xd4410 CMakeFiles/PCF8575NXP.dir/Core/Src/main.c.obj
                              0xd4705 (size before relaxing)
 .debug_str     0x000d4410       0xf4 CMakeFiles/PCF8575NXP.dir/Core/Src/gpio.c.obj
                              0xd4055 (size before relaxing)
 .debug_str     0x000d4504     0x31b6 CMakeFiles/PCF8575NXP.dir/Core/Src/eth.c.obj
                              0xd726f (size before relaxing)
 .debug_str     0x000d76ba       0x80 CMakeFiles/PCF8575NXP.dir/Core/Src/i2c.c.obj
                              0xd45c4 (size before relaxing)
 .debug_str     0x000d773a      0x256 CMakeFiles/PCF8575NXP.dir/Core/Src/usart.c.obj
                              0xd4512 (size before relaxing)
 .debug_str     0x000d7990      0x3f6 CMakeFiles/PCF8575NXP.dir/Core/Src/usb_otg.c.obj
                              0xd44ad (size before relaxing)
 .debug_str     0x000d7d86       0xfe CMakeFiles/PCF8575NXP.dir/Core/Src/stm32f4xx_it.c.obj
                              0xd3efd (size before relaxing)
 .debug_str     0x000d7e84       0x61 CMakeFiles/PCF8575NXP.dir/Core/Src/stm32f4xx_hal_msp.c.obj
                              0xd3f8a (size before relaxing)
 .debug_str     0x000d7ee5       0xf8 CMakeFiles/PCF8575NXP.dir/Core/Src/PCF8574.c.obj
                              0xd3f9c (size before relaxing)
 .debug_str     0x000d7fdd      0x2f6 CMakeFiles/PCF8575NXP.dir/Drivers/STM32F4xx_HAL_Driver/Src/stm32f4xx_hal_rcc.c.obj
                              0xd3f9e (size before relaxing)
 .debug_str     0x000d82d3      0x156 CMakeFiles/PCF8575NXP.dir/Drivers/STM32F4xx_HAL_Driver/Src/stm32f4xx_hal_gpio.c.obj
                              0xd3ce5 (size before relaxing)
 .debug_str     0x000d8429      0x984 CMakeFiles/PCF8575NXP.dir/Drivers/STM32F4xx_HAL_Driver/Src/stm32f4xx_hal_cortex.c.obj
                              0xd4489 (size before relaxing)
 .debug_str     0x000d8dad      0x5e4 CMakeFiles/PCF8575NXP.dir/Drivers/STM32F4xx_HAL_Driver/Src/stm32f4xx_hal.c.obj
                              0xd478d (size before relaxing)
 .debug_str     0x000d9391     0x11d3 CMakeFiles/PCF8575NXP.dir/Drivers/STM32F4xx_HAL_Driver/Src/stm32f4xx_hal_eth.c.obj
                              0xd5401 (size before relaxing)
 .debug_str     0x000da564      0xb2b CMakeFiles/PCF8575NXP.dir/Drivers/STM32F4xx_HAL_Driver/Src/stm32f4xx_hal_i2c.c.obj
                              0xd4b7a (size before relaxing)
 .debug_str     0x000db08f       0x70 CMakeFiles/PCF8575NXP.dir/Drivers/STM32F4xx_HAL_Driver/Src/stm32f4xx_hal_i2c_ex.c.obj
                              0xd3f39 (size before relaxing)
 .debug_str     0x000db0ff      0x652 CMakeFiles/PCF8575NXP.dir/Drivers/STM32F4xx_HAL_Driver/Src/stm32f4xx_hal_uart.c.obj
                              0xd456c (size before relaxing)
 .debug_str     0x000db751      0x836 CMakeFiles/PCF8575NXP.dir/Drivers/STM32F4xx_HAL_Driver/Src/stm32f4xx_hal_pcd.c.obj
                              0xd4635 (size before relaxing)
 .debug_str     0x000dbf87      0x4e0 CMakeFiles/PCF8575NXP.dir/Drivers/STM32F4xx_HAL_Driver/Src/stm32f4xx_ll_usb.c.obj
                              0xd4510 (size before relaxing)
 .debug_str     0x000dc467       0x7f CMakeFiles/PCF8575NXP.dir/Core/Src/system_stm32f4xx.c.obj
                              0xd3b6a (size before relaxing)
 .debug_str     0x000dc4e6       0x6a CMakeFiles/PCF8575NXP.dir/startup_stm32f429xx.s.obj
                                 0xae (size before relaxing)

.comment        0x00000000       0x43
 .comment       0x00000000       0x43 CMakeFiles/PCF8575NXP.dir/Core/Src/main.c.obj
                                 0x44 (size before relaxing)
 .comment       0x00000043       0x44 CMakeFiles/PCF8575NXP.dir/Core/Src/gpio.c.obj
 .comment       0x00000043       0x44 CMakeFiles/PCF8575NXP.dir/Core/Src/eth.c.obj
 .comment       0x00000043       0x44 CMakeFiles/PCF8575NXP.dir/Core/Src/i2c.c.obj
 .comment       0x00000043       0x44 CMakeFiles/PCF8575NXP.dir/Core/Src/usart.c.obj
 .comment       0x00000043       0x44 CMakeFiles/PCF8575NXP.dir/Core/Src/usb_otg.c.obj
 .comment       0x00000043       0x44 CMakeFiles/PCF8575NXP.dir/Core/Src/stm32f4xx_it.c.obj
 .comment       0x00000043       0x44 CMakeFiles/PCF8575NXP.dir/Core/Src/stm32f4xx_hal_msp.c.obj
 .comment       0x00000043       0x44 CMakeFiles/PCF8575NXP.dir/Core/Src/PCF8574.c.obj
 .comment       0x00000043       0x44 CMakeFiles/PCF8575NXP.dir/Drivers/STM32F4xx_HAL_Driver/Src/stm32f4xx_hal_rcc.c.obj
 .comment       0x00000043       0x44 CMakeFiles/PCF8575NXP.dir/Drivers/STM32F4xx_HAL_Driver/Src/stm32f4xx_hal_gpio.c.obj
 .comment       0x00000043       0x44 CMakeFiles/PCF8575NXP.dir/Drivers/STM32F4xx_HAL_Driver/Src/stm32f4xx_hal_cortex.c.obj
 .comment       0x00000043       0x44 CMakeFiles/PCF8575NXP.dir/Drivers/STM32F4xx_HAL_Driver/Src/stm32f4xx_hal.c.obj
 .comment       0x00000043       0x44 CMakeFiles/PCF8575NXP.dir/Drivers/STM32F4xx_HAL_Driver/Src/stm32f4xx_hal_eth.c.obj
 .comment       0x00000043       0x44 CMakeFiles/PCF8575NXP.dir/Drivers/STM32F4xx_HAL_Driver/Src/stm32f4xx_hal_i2c.c.obj
 .comment       0x00000043       0x44 CMakeFiles/PCF8575NXP.dir/Drivers/STM32F4xx_HAL_Driver/Src/stm32f4xx_hal_i2c_ex.c.obj
 .comment       0x00000043       0x44 CMakeFiles/PCF8575NXP.dir/Drivers/STM32F4xx_HAL_Driver/Src/stm32f4xx_hal_uart.c.obj
 .comment       0x00000043       0x44 CMakeFiles/PCF8575NXP.dir/Drivers/STM32F4xx_HAL_Driver/Src/stm32f4xx_hal_pcd.c.obj
 .comment       0x00000043       0x44 CMakeFiles/PCF8575NXP.dir/Drivers/STM32F4xx_HAL_Driver/Src/stm32f4xx_ll_usb.c.obj
 .comment       0x00000043       0x44 CMakeFiles/PCF8575NXP.dir/Core/Src/system_stm32f4xx.c.obj

.debug_line_str
                0x00000000       0x92
 .debug_line_str
                0x00000000       0x92 CMakeFiles/PCF8575NXP.dir/startup_stm32f429xx.s.obj
